// Jest Snapshot v1, https://goo.gl/fbAQLP

exports[`AddTodoBtn it should render correctly 1`] = `
<button
  className="btn btn-primary btn-block"
  onClick={[MockFunction]}
  type="button"
>
  Add Todo
</button>
`;
