// Jest Snapshot v1, https://goo.gl/fbAQLP

exports[`TodoListApp should render correctly 1`] = `
<div
  id="todo-app"
>
  <ConnectFunction />
  <ConnectFunction />
</div>
`;
